// Jest Snapshot v1, https://goo.gl/fbAQLP

exports[`it works 1`] = `
.c0 {
  color: blue;
}

<button
  className="c0"
>
  Test
</button>
`;
