// Jest Snapshot v1, https://goo.gl/fbAQLP

exports[`renders cool button 1`] = `
<button
  className="sc-bxivhb cqlAFD"
>
  Test
</button>
`;
